{
  "checks": 7698,
  "failures": [
    "durable engine packet_hashes: src/gpt/liturgy/roman-rite/1962/propers/temporal/57-seventeenth-after-pentecost/evaluations/proper-study-results/80a724fb8410dc3d/scope-gate-0000.txt",
    "durable engine packet_hashes: src/gpt/liturgy/roman-rite/1962/propers/temporal/57-seventeenth-after-pentecost/evaluations/proper-study-results/80a724fb8410dc3d/resolve-context-0000.txt",
    "durable engine packet_hashes: src/gpt/liturgy/roman-rite/1962/propers/temporal/57-seventeenth-after-pentecost/evaluations/proper-study-results/80a724fb8410dc3d/research-0000.txt",
    "durable engine packet_hashes: src/gpt/liturgy/roman-rite/1962/propers/temporal/57-seventeenth-after-pentecost/evaluations/proper-study-results/80a724fb8410dc3d/research-preflight-0000.txt",
    "durable engine packet_hashes: src/gpt/liturgy/roman-rite/1962/propers/temporal/57-seventeenth-after-pentecost/evaluations/proper-study-results/80a724fb8410dc3d/research-0001.txt",
    "durable engine packet_hashes: src/gpt/liturgy/roman-rite/1962/propers/temporal/57-seventeenth-after-pentecost/evaluations/proper-study-results/80a724fb8410dc3d/research-preflight-0001.txt",
    "durable engine packet_hashes: src/gpt/liturgy/roman-rite/1962/propers/temporal/57-seventeenth-after-pentecost/evaluations/proper-study-results/80a724fb8410dc3d/research-review-0000.txt",
    "durable engine packet_hashes: src/gpt/liturgy/roman-rite/1962/propers/temporal/57-seventeenth-after-pentecost/evaluations/proper-study-results/80a724fb8410dc3d/author-study-0000.txt",
    "durable engine packet_hashes: src/gpt/liturgy/roman-rite/1962/propers/temporal/57-seventeenth-after-pentecost/evaluations/proper-study-results/80a724fb8410dc3d/study-preflight-0000.txt",
    "durable engine packet_hashes: src/gpt/liturgy/roman-rite/1962/propers/temporal/57-seventeenth-after-pentecost/evaluations/proper-study-results/80a724fb8410dc3d/study-review-0000.txt",
    "durable engine packet_hashes: src/gpt/liturgy/roman-rite/1962/propers/temporal/57-seventeenth-after-pentecost/evaluations/proper-study-results/80a724fb8410dc3d/derive-synthesis-0000.txt",
    "durable engine packet_hashes: src/gpt/liturgy/roman-rite/1962/propers/temporal/57-seventeenth-after-pentecost/evaluations/proper-study-results/80a724fb8410dc3d/synthesis-preflight-0000.txt",
    "durable engine packet_hashes: src/gpt/liturgy/roman-rite/1962/propers/temporal/57-seventeenth-after-pentecost/evaluations/proper-study-results/80a724fb8410dc3d/synthesis-review-0000.txt",
    "durable engine packet_hashes: src/gpt/liturgy/roman-rite/1962/propers/temporal/57-seventeenth-after-pentecost/evaluations/proper-study-results/80a724fb8410dc3d/derive-homily-0000.txt",
    "durable engine packet_hashes: src/gpt/liturgy/roman-rite/1962/propers/temporal/57-seventeenth-after-pentecost/evaluations/proper-study-results/80a724fb8410dc3d/homily-preflight-0000.txt",
    "durable engine packet_hashes: src/gpt/liturgy/roman-rite/1962/propers/temporal/57-seventeenth-after-pentecost/evaluations/proper-study-results/80a724fb8410dc3d/homily-review-0000.txt",
    "durable engine packet_hashes: src/gpt/liturgy/roman-rite/1962/propers/temporal/57-seventeenth-after-pentecost/evaluations/proper-study-results/80a724fb8410dc3d/build-artifacts-0000.txt",
    "durable engine packet_hashes: src/gpt/liturgy/roman-rite/1962/propers/temporal/57-seventeenth-after-pentecost/evaluations/proper-study-results/80a724fb8410dc3d/artifact-gates-0000.txt",
    "durable engine packet_hashes: src/gpt/liturgy/roman-rite/1962/propers/temporal/57-seventeenth-after-pentecost/evaluations/proper-study-results/80a724fb8410dc3d/visual-review-0000.txt",
    "durable engine packet_hashes: src/gpt/liturgy/roman-rite/1962/propers/temporal/57-seventeenth-after-pentecost/evaluations/proper-study-results/80a724fb8410dc3d/generate-web-0000.txt",
    "durable engine packet_hashes: src/gpt/liturgy/roman-rite/1962/propers/temporal/57-seventeenth-after-pentecost/evaluations/proper-study-results/80a724fb8410dc3d/web-review-0000.txt",
    "durable engine packet_hashes: src/gpt/liturgy/roman-rite/1962/propers/temporal/57-seventeenth-after-pentecost/evaluations/proper-study-results/80a724fb8410dc3d/generate-web-0001.txt",
    "durable engine packet_hashes: src/gpt/liturgy/roman-rite/1962/propers/temporal/57-seventeenth-after-pentecost/evaluations/proper-study-results/80a724fb8410dc3d/web-review-0001.txt",
    "durable engine packet_hashes: src/gpt/liturgy/roman-rite/1962/propers/temporal/57-seventeenth-after-pentecost/evaluations/proper-study-results/80a724fb8410dc3d/install-publication-0000.txt",
    "durable engine packet_hashes: src/gpt/liturgy/roman-rite/1962/propers/temporal/57-seventeenth-after-pentecost/evaluations/proper-study-results/80a724fb8410dc3d/publication-gates-0000.txt",
    "durable engine packet_hashes: src/gpt/liturgy/roman-rite/1962/propers/temporal/57-seventeenth-after-pentecost/evaluations/proper-study-results/80a724fb8410dc3d/author-study-0001.txt",
    "durable engine packet_hashes: src/gpt/liturgy/roman-rite/1962/propers/temporal/57-seventeenth-after-pentecost/evaluations/proper-study-results/80a724fb8410dc3d/study-preflight-0001.txt",
    "durable engine packet_hashes: src/gpt/liturgy/roman-rite/1962/propers/temporal/57-seventeenth-after-pentecost/evaluations/proper-study-results/80a724fb8410dc3d/study-review-0001.txt",
    "durable engine packet_hashes: src/gpt/liturgy/roman-rite/1962/propers/temporal/57-seventeenth-after-pentecost/evaluations/proper-study-results/80a724fb8410dc3d/derive-synthesis-0001.txt",
    "durable engine packet_hashes: src/gpt/liturgy/roman-rite/1962/propers/temporal/57-seventeenth-after-pentecost/evaluations/proper-study-results/80a724fb8410dc3d/synthesis-preflight-0001.txt",
    "durable engine packet_hashes: src/gpt/liturgy/roman-rite/1962/propers/temporal/57-seventeenth-after-pentecost/evaluations/proper-study-results/80a724fb8410dc3d/synthesis-review-0001.txt",
    "durable engine packet_hashes: src/gpt/liturgy/roman-rite/1962/propers/temporal/57-seventeenth-after-pentecost/evaluations/proper-study-results/80a724fb8410dc3d/derive-homily-0001.txt",
    "durable engine packet_hashes: src/gpt/liturgy/roman-rite/1962/propers/temporal/57-seventeenth-after-pentecost/evaluations/proper-study-results/80a724fb8410dc3d/homily-preflight-0001.txt",
    "durable engine packet_hashes: src/gpt/liturgy/roman-rite/1962/propers/temporal/57-seventeenth-after-pentecost/evaluations/proper-study-results/80a724fb8410dc3d/homily-review-0001.txt",
    "durable engine packet_hashes: src/gpt/liturgy/roman-rite/1962/propers/temporal/57-seventeenth-after-pentecost/evaluations/proper-study-results/80a724fb8410dc3d/build-artifacts-0001.txt",
    "durable engine packet_hashes: src/gpt/liturgy/roman-rite/1962/propers/temporal/57-seventeenth-after-pentecost/evaluations/proper-study-results/80a724fb8410dc3d/artifact-gates-0001.txt",
    "durable engine packet_hashes: src/gpt/liturgy/roman-rite/1962/propers/temporal/57-seventeenth-after-pentecost/evaluations/proper-study-results/80a724fb8410dc3d/visual-review-0001.txt",
    "durable engine packet_hashes: src/gpt/liturgy/roman-rite/1962/propers/temporal/57-seventeenth-after-pentecost/evaluations/proper-study-results/80a724fb8410dc3d/generate-web-0002.txt",
    "durable engine packet_hashes: src/gpt/liturgy/roman-rite/1962/propers/temporal/57-seventeenth-after-pentecost/evaluations/proper-study-results/80a724fb8410dc3d/web-review-0002.txt",
    "durable engine packet_hashes: src/gpt/liturgy/roman-rite/1962/propers/temporal/57-seventeenth-after-pentecost/evaluations/proper-study-results/80a724fb8410dc3d/install-publication-0001.txt",
    "durable engine packet_hashes: src/gpt/liturgy/roman-rite/1962/propers/temporal/57-seventeenth-after-pentecost/evaluations/proper-study-results/80a724fb8410dc3d/publication-gates-0001.txt",
    "durable engine packet_hashes: src/gpt/liturgy/roman-rite/1962/propers/temporal/57-seventeenth-after-pentecost/evaluations/proper-study-results/80a724fb8410dc3d/author-study-0002.txt",
    "durable engine packet_hashes: src/gpt/liturgy/roman-rite/1962/propers/temporal/57-seventeenth-after-pentecost/evaluations/proper-study-results/80a724fb8410dc3d/study-preflight-0002.txt",
    "durable engine packet_hashes: src/gpt/liturgy/roman-rite/1962/propers/temporal/57-seventeenth-after-pentecost/evaluations/proper-study-results/80a724fb8410dc3d/study-review-0002.txt",
    "durable engine packet_hashes: src/gpt/liturgy/roman-rite/1962/propers/temporal/57-seventeenth-after-pentecost/evaluations/proper-study-results/80a724fb8410dc3d/derive-synthesis-0002.txt",
    "durable engine packet_hashes: src/gpt/liturgy/roman-rite/1962/propers/temporal/57-seventeenth-after-pentecost/evaluations/proper-study-results/80a724fb8410dc3d/synthesis-preflight-0002.txt",
    "durable engine packet_hashes: src/gpt/liturgy/roman-rite/1962/propers/temporal/57-seventeenth-after-pentecost/evaluations/proper-study-results/80a724fb8410dc3d/synthesis-review-0002.txt",
    "durable engine packet_hashes: src/gpt/liturgy/roman-rite/1962/propers/temporal/57-seventeenth-after-pentecost/evaluations/proper-study-results/80a724fb8410dc3d/derive-homily-0002.txt",
    "durable engine packet_hashes: src/gpt/liturgy/roman-rite/1962/propers/temporal/57-seventeenth-after-pentecost/evaluations/proper-study-results/80a724fb8410dc3d/homily-preflight-0002.txt",
    "durable engine packet_hashes: src/gpt/liturgy/roman-rite/1962/propers/temporal/57-seventeenth-after-pentecost/evaluations/proper-study-results/80a724fb8410dc3d/homily-review-0002.txt",
    "durable engine packet_hashes: src/gpt/liturgy/roman-rite/1962/propers/temporal/57-seventeenth-after-pentecost/evaluations/proper-study-results/80a724fb8410dc3d/build-artifacts-0002.txt",
    "durable engine packet_hashes: src/gpt/liturgy/roman-rite/1962/propers/temporal/57-seventeenth-after-pentecost/evaluations/proper-study-results/80a724fb8410dc3d/artifact-gates-0002.txt",
    "durable engine packet_hashes: src/gpt/liturgy/roman-rite/1962/propers/temporal/57-seventeenth-after-pentecost/evaluations/proper-study-results/80a724fb8410dc3d/visual-review-0002.txt",
    "durable engine packet_hashes: src/gpt/liturgy/roman-rite/1962/propers/temporal/57-seventeenth-after-pentecost/evaluations/proper-study-results/80a724fb8410dc3d/generate-web-0003.txt",
    "durable engine packet_hashes: src/gpt/liturgy/roman-rite/1962/propers/temporal/57-seventeenth-after-pentecost/evaluations/proper-study-results/80a724fb8410dc3d/web-review-0003.txt",
    "durable engine packet_hashes: src/gpt/liturgy/roman-rite/1962/propers/temporal/57-seventeenth-after-pentecost/evaluations/proper-study-results/80a724fb8410dc3d/install-publication-0002.txt",
    "durable engine packet_hashes: src/gpt/liturgy/roman-rite/1962/propers/temporal/57-seventeenth-after-pentecost/evaluations/proper-study-results/80a724fb8410dc3d/publication-gates-0002.txt",
    "1962 one corpus owner",
    "postconciliar-us-2011 one corpus owner",
    "public subject machine-path/key screen"
  ],
  "subjects": 3381,
  "commands": 22
}
